// Jest Snapshot v1, https://goo.gl/fbAQLP

exports[`Snapshot Snapshot 1`] = `<div class="v-right-item"> <button type="button" aria-hidden="true" title="开启标题导航 (F8)" class="op-icon fa fa-mavon-bars" style="display: none;"></button> <button type="button" aria-hidden="true" title="关闭标题导航 (F8)" class="op-icon fa fa-mavon-bars selected"></button> <button type="button" aria-hidden="true" title="编辑 (F9)" class="op-icon fa fa-mavon-eye-slash selected"></button> <button type="button" aria-hidden="true" title="预览 (F9)" class="op-icon fa fa-mavon-eye" style="display: none;"></button> <button type="button" title="全屏编辑 (F10)" aria-hidden="true" class="op-icon fa fa-mavon-arrows-alt" style="display: none;"></button> <button type="button" title="退出全屏 (F10)" aria-hidden="true" class="op-icon fa fa-mavon-compress selected"></button> <button type="button" aria-hidden="true" title="沉浸式阅读 (F11)" class="op-icon fa fa-mavon-window-maximize"></button> <button type="button" aria-hidden="true" title="单栏 (F12)" class="op-icon fa fa-mavon-columns selected"></button> <span class="op-icon-divider"></span> <button type="button" title="查看html文本" aria-hidden="true" class="op-icon fa fa-mavon-code" style="display: none;"></button> <button type="button" title="返回markdown文本" aria-hidden="true" class="op-icon fa fa-mavon-code selected"></button> <button type="button" title="markdown语法帮助" aria-hidden="true" class="op-icon fa fa-mavon-question-circle" style="font-size: 17px; padding: 5px 6px 5px 3px;"></button> </div>`;
